// Jest Snapshot v1, https://goo.gl/fbAQLP

exports[`<GridSection /> should render with background 1`] = `<div />`;

exports[`<GridSection /> should render without background 1`] = `<div />`;
