// Jest Snapshot v1, https://goo.gl/fbAQLP

exports[`<SectionContainer /> should render content 1`] = `<div />`;
