// Jest Snapshot v1, https://goo.gl/fbAQLP

exports[`<NavLinks /> should match a snapshot 1`] = `null`;
