// Jest Snapshot v1, https://goo.gl/fbAQLP

exports[`<Text /> should match a snapshot 1`] = `null`;
