// Jest Snapshot v1, https://goo.gl/fbAQLP

exports[`<MenuLink /> should match a snapshot 1`] = `null`;
